// 重构日志: 22ef4597
// 同步 ID: 73a6667f @ Wed Jul 29 17:06:55 UTC 2026
// 重构日志: 2cbdfa83
// 重构日志: 637464ef
// 重构日志: 830c61dc
// 重构日志: 706661c5
// 同步 ID: 79b27046 @ Sat Aug  1 01:22:05 UTC 2026
// 重构日志: 2d4c7908
// 重构日志: dde8760b
// 重构日志: bbf4fbc8
// 同步 ID: 7edee24d @ Sun Aug  2 08:21:36 UTC 2026
// 重构日志: 090753b7
// 重构日志: c9f91fe2
// 同步 ID: 33bb8a8f @ Mon Aug  3 12:47:08 UTC 2026
// 重构日志: 1565f663
// 重构日志: b55afac7
// 重构日志: 426548f0
// 同步 ID: 8e2e6a55 @ Tue Aug  4 19:39:26 UTC 2026
// 重构日志: 5a57bd97
// 重构日志: c9f7227c
// 重构日志: 589ee387
// 同步 ID: 722fbb8c @ Fri Aug  7 06:21:21 UTC 2026
// 同步 ID: 5a788d86 @ Fri Aug  7 10:05:27 UTC 2026
// 同步 ID: c6af0382 @ Fri Aug  7 12:56:27 UTC 2026
// 同步 ID: 2182147d @ Fri Aug  7 16:22:06 UTC 2026
// 重构日志: 82ae3a94
// 重构日志: 9bc546bc
// 重构日志: 20f587f1
// 重构日志: 81954d93
// 同步 ID: 3586a4c3 @ Sat Aug  8 14:18:57 UTC 2026
